******************************************************************************
             TMS320C2000 Linker PC v18.1.2                     
******************************************************************************
>> Linked Thu Jun 11 10:23:02 2020

OUTPUT FILE NAME:   <FZH_PMSM_QEncoder.out>
ENTRY POINT SYMBOL: "_c_int00"  address: 00009e43


MEMORY CONFIGURATION

         name            origin    length      used     unused   attr    fill
----------------------  --------  ---------  --------  --------  ----  --------
PAGE 0:
  BEGIN                 00000000   00000002  00000002  00000000  RWIX
  RAMM0                 00000050   000003b0  00000000  000003b0  RWIX
  RAML0                 00008000   00001000  00000248  00000db8  RWIX
  RAML1_3               00009000   00003000  00001070  00001f90  RWIX
  ZONE7A                00200000   0000fc00  00000000  0000fc00  RWIX
  CSM_RSVD              0033ff80   00000076  00000000  00000076  RWIX
  CSM_PWL               0033fff8   00000008  00000000  00000008  RWIX
  ADC_CAL               00380080   00000009  00000007  00000002  RWIX
  IQTABLES              003fe000   00000b50  00000000  00000b50  RWIX
  IQTABLES2             003feb50   0000008c  00000000  0000008c  RWIX
  FPUTABLES             003febdc   000006a0  00000000  000006a0  RWIX
  BOOTROM               003ff27c   00000d44  00000000  00000d44  RWIX
  RESET                 003fffc0   00000002  00000000  00000002  RWIX

PAGE 1:
  BOOT_RSVD             00000002   0000004e  00000000  0000004e  RWIX
  RAMM1                 00000400   00000400  00000300  00000100  RWIX
  DEV_EMU               00000880   00000180  000000d0  000000b0  RWIX
  FLASH_REGS            00000a80   00000060  00000008  00000058  RWIX
  CSM                   00000ae0   00000010  00000010  00000000  RWIX
  ADC_MIRROR            00000b00   00000010  00000010  00000000  RWIX
  XINTF                 00000b20   00000020  0000001e  00000002  RWIX
  CPU_TIMER0            00000c00   00000008  00000008  00000000  RWIX
  CPU_TIMER1            00000c08   00000008  00000008  00000000  RWIX
  CPU_TIMER2            00000c10   00000008  00000008  00000000  RWIX
  PIE_CTRL              00000ce0   00000020  0000001a  00000006  RWIX
  PIE_VECT              00000d00   00000100  00000100  00000000  RWIX
  DMA                   00001000   00000200  000000e0  00000120  RWIX
  MCBSPA                00005000   00000040  00000025  0000001b  RWIX
  MCBSPB                00005040   00000040  00000025  0000001b  RWIX
  ECANA                 00006000   00000040  00000034  0000000c  RWIX
  ECANA_LAM             00006040   00000040  00000040  00000000  RWIX
  ECANA_MOTS            00006080   00000040  00000040  00000000  RWIX
  ECANA_MOTO            000060c0   00000040  00000040  00000000  RWIX
  ECANA_MBOX            00006100   00000100  00000100  00000000  RWIX
  ECANB                 00006200   00000040  00000034  0000000c  RWIX
  ECANB_LAM             00006240   00000040  00000040  00000000  RWIX
  ECANB_MOTS            00006280   00000040  00000040  00000000  RWIX
  ECANB_MOTO            000062c0   00000040  00000040  00000000  RWIX
  ECANB_MBOX            00006300   00000100  00000100  00000000  RWIX
  EPWM1                 00006800   00000022  00000022  00000000  RWIX
  EPWM2                 00006840   00000022  00000022  00000000  RWIX
  EPWM3                 00006880   00000022  00000022  00000000  RWIX
  EPWM4                 000068c0   00000022  00000022  00000000  RWIX
  EPWM5                 00006900   00000022  00000022  00000000  RWIX
  EPWM6                 00006940   00000022  00000022  00000000  RWIX
  ECAP1                 00006a00   00000020  00000020  00000000  RWIX
  ECAP2                 00006a20   00000020  00000020  00000000  RWIX
  ECAP3                 00006a40   00000020  00000020  00000000  RWIX
  ECAP4                 00006a60   00000020  00000020  00000000  RWIX
  ECAP5                 00006a80   00000020  00000020  00000000  RWIX
  ECAP6                 00006aa0   00000020  00000020  00000000  RWIX
  EQEP1                 00006b00   00000040  00000040  00000000  RWIX
  EQEP2                 00006b40   00000040  00000040  00000000  RWIX
  GPIOCTRL              00006f80   00000040  0000002e  00000012  RWIX
  GPIODAT               00006fc0   00000020  00000020  00000000  RWIX
  GPIOINT               00006fe0   00000020  0000000a  00000016  RWIX
  SYSTEM                00007010   00000020  00000020  00000000  RWIX
  SPIA                  00007040   00000010  00000010  00000000  RWIX
  SCIA                  00007050   00000010  00000010  00000000  RWIX
  XINTRUPT              00007070   00000010  00000010  00000000  RWIX
  ADC                   00007100   00000020  0000001e  00000002  RWIX
  SCIB                  00007750   00000010  00000010  00000000  RWIX
  SCIC                  00007770   00000010  00000010  00000000  RWIX
  I2CA                  00007900   00000040  00000022  0000001e  RWIX
  RAML4                 0000c000   00001000  0000022b  00000dd5  RWIX
  RAML5                 0000d000   00001000  00000226  00000dda  RWIX
  RAML6                 0000e000   00001000  00000000  00001000  RWIX
  RAML7                 0000f000   00001000  00000000  00001000  RWIX
  ZONE7B                0020fc00   00000400  00000000  00000400  RWIX
  CSM_PWL               0033fff8   00000008  00000008  00000000  RWIX


SECTION ALLOCATION MAP

 output                                  attributes/
section   page    origin      length       input sections
--------  ----  ----------  ----------   ----------------
codestart 
*          0    00000000    00000002     
                  00000000    00000002     DSP2833x_CodeStartBranch.obj (codestart)

.cinit     0    00008000    00000244     
                  00008000    00000170     Main_PMSM_QEncoder.obj (.cinit)
                  00008170    00000068     KEY.obj (.cinit)
                  000081d8    00000039     ADC_int.obj (.cinit)
                  00008211    00000011     EPWM_int.obj (.cinit)
                  00008222    0000000e     rts2800_fpu32.lib : exit.c.obj (.cinit)
                  00008230    00000008     LCD12864.obj (.cinit)
                  00008238    00000005     rts2800_fpu32.lib : _lock.c.obj (.cinit:__lock)
                  0000823d    00000005                       : _lock.c.obj (.cinit:__unlock)
                  00008242    00000002     --HOLE-- [fill = 0]

ramfuncs   0    00008244    00000004     
                  00008244    00000004     DSP2833x_usDelay.obj (ramfuncs)

.text      0    00009000    00001070     
                  00009000    000006fb     LCD12864.obj (.text)
                  000096fb    00000323     DSP2833x_DefaultIsr.obj (.text:retain)
                  00009a1e    0000016f     QEP_encoder.obj (.text)
                  00009b8d    0000013b     GPIO_int.obj (.text)
                  00009cc8    000000f8     DSP2833x_SysCtrl.obj (.text)
                  00009dc0    00000083     rts2800_fpu32.lib : fd_mpy28.asm.obj (.text)
                  00009e43    00000056                       : boot28.asm.obj (.text)
                  00009e99    0000002e     SCI_RS232.obj (.text:retain)
                  00009ec7    0000002a     rts2800_fpu32.lib : l_div28.asm.obj (.text)
                  00009ef1    00000029                       : exit.c.obj (.text)
                  00009f1a    00000028     DSP2833x_PieCtrl.obj (.text)
                  00009f42    00000024     rts2800_fpu32.lib : cpy_tbl.c.obj (.text)
                  00009f66    00000022                       : i_div28.asm.obj (.text)
                  00009f88    00000021     Main_PMSM_QEncoder.obj (.text)
                  00009fa9    00000020     DSP2833x_PieVect.obj (.text)
                  00009fc9    0000001f     rts2800_fpu32.lib : fd_tol28.asm.obj (.text)
                  00009fe8    0000001e                       : memcpy.c.obj (.text)
                  0000a006    0000001c                       : fs_tofdfpu32.asm.obj (.text)
                  0000a022    00000019                       : args_main.c.obj (.text)
                  0000a03b    00000019     rts2800_fpu32_fast_supplement.lib : div_f32.obj (.text)
                  0000a054    00000009     rts2800_fpu32.lib : _lock.c.obj (.text)
                  0000a05d    00000008     DSP2833x_CodeStartBranch.obj (.text)
                  0000a065    00000008     rts2800_fpu32.lib : strlen.c.obj (.text)
                  0000a06d    00000002                       : pre_init.c.obj (.text)
                  0000a06f    00000001                       : startup.c.obj (.text)

DevEmuRegsFile 
*          1    00000880    000000d0     UNINITIALIZED
                  00000880    000000d0     DSP2833x_GlobalVariableDefs.obj (DevEmuRegsFile)

FlashRegsFile 
*          1    00000a80    00000008     UNINITIALIZED
                  00000a80    00000008     DSP2833x_GlobalVariableDefs.obj (FlashRegsFile)

CsmRegsFile 
*          1    00000ae0    00000010     UNINITIALIZED
                  00000ae0    00000010     DSP2833x_GlobalVariableDefs.obj (CsmRegsFile)

AdcMirrorFile 
*          1    00000b00    00000010     UNINITIALIZED
                  00000b00    00000010     DSP2833x_GlobalVariableDefs.obj (AdcMirrorFile)

XintfRegsFile 
*          1    00000b20    0000001e     UNINITIALIZED
                  00000b20    0000001e     DSP2833x_GlobalVariableDefs.obj (XintfRegsFile)

CpuTimer0RegsFile 
*          1    00000c00    00000008     UNINITIALIZED
                  00000c00    00000008     DSP2833x_GlobalVariableDefs.obj (CpuTimer0RegsFile)

CpuTimer1RegsFile 
*          1    00000c08    00000008     UNINITIALIZED
                  00000c08    00000008     DSP2833x_GlobalVariableDefs.obj (CpuTimer1RegsFile)

CpuTimer2RegsFile 
*          1    00000c10    00000008     UNINITIALIZED
                  00000c10    00000008     DSP2833x_GlobalVariableDefs.obj (CpuTimer2RegsFile)

PieCtrlRegsFile 
*          1    00000ce0    0000001a     UNINITIALIZED
                  00000ce0    0000001a     DSP2833x_GlobalVariableDefs.obj (PieCtrlRegsFile)

PieVectTableFile 
*          1    00000d00    00000100     UNINITIALIZED
                  00000d00    00000100     DSP2833x_GlobalVariableDefs.obj (PieVectTableFile)

DmaRegsFile 
*          1    00001000    000000e0     UNINITIALIZED
                  00001000    000000e0     DSP2833x_GlobalVariableDefs.obj (DmaRegsFile)

McbspaRegsFile 
*          1    00005000    00000025     UNINITIALIZED
                  00005000    00000025     DSP2833x_GlobalVariableDefs.obj (McbspaRegsFile)

McbspbRegsFile 
*          1    00005040    00000025     UNINITIALIZED
                  00005040    00000025     DSP2833x_GlobalVariableDefs.obj (McbspbRegsFile)

ECanaRegsFile 
*          1    00006000    00000034     UNINITIALIZED
                  00006000    00000034     DSP2833x_GlobalVariableDefs.obj (ECanaRegsFile)

ECanaLAMRegsFile 
*          1    00006040    00000040     UNINITIALIZED
                  00006040    00000040     DSP2833x_GlobalVariableDefs.obj (ECanaLAMRegsFile)

ECanaMOTSRegsFile 
*          1    00006080    00000040     UNINITIALIZED
                  00006080    00000040     DSP2833x_GlobalVariableDefs.obj (ECanaMOTSRegsFile)

ECanaMOTORegsFile 
*          1    000060c0    00000040     UNINITIALIZED
                  000060c0    00000040     DSP2833x_GlobalVariableDefs.obj (ECanaMOTORegsFile)

ECanaMboxesFile 
*          1    00006100    00000100     UNINITIALIZED
                  00006100    00000100     DSP2833x_GlobalVariableDefs.obj (ECanaMboxesFile)

ECanbRegsFile 
*          1    00006200    00000034     UNINITIALIZED
                  00006200    00000034     DSP2833x_GlobalVariableDefs.obj (ECanbRegsFile)

ECanbLAMRegsFile 
*          1    00006240    00000040     UNINITIALIZED
                  00006240    00000040     DSP2833x_GlobalVariableDefs.obj (ECanbLAMRegsFile)

ECanbMOTSRegsFile 
*          1    00006280    00000040     UNINITIALIZED
                  00006280    00000040     DSP2833x_GlobalVariableDefs.obj (ECanbMOTSRegsFile)

ECanbMOTORegsFile 
*          1    000062c0    00000040     UNINITIALIZED
                  000062c0    00000040     DSP2833x_GlobalVariableDefs.obj (ECanbMOTORegsFile)

ECanbMboxesFile 
*          1    00006300    00000100     UNINITIALIZED
                  00006300    00000100     DSP2833x_GlobalVariableDefs.obj (ECanbMboxesFile)

EPwm1RegsFile 
*          1    00006800    00000022     UNINITIALIZED
                  00006800    00000022     DSP2833x_GlobalVariableDefs.obj (EPwm1RegsFile)

EPwm2RegsFile 
*          1    00006840    00000022     UNINITIALIZED
                  00006840    00000022     DSP2833x_GlobalVariableDefs.obj (EPwm2RegsFile)

EPwm3RegsFile 
*          1    00006880    00000022     UNINITIALIZED
                  00006880    00000022     DSP2833x_GlobalVariableDefs.obj (EPwm3RegsFile)

EPwm4RegsFile 
*          1    000068c0    00000022     UNINITIALIZED
                  000068c0    00000022     DSP2833x_GlobalVariableDefs.obj (EPwm4RegsFile)

EPwm5RegsFile 
*          1    00006900    00000022     UNINITIALIZED
                  00006900    00000022     DSP2833x_GlobalVariableDefs.obj (EPwm5RegsFile)

EPwm6RegsFile 
*          1    00006940    00000022     UNINITIALIZED
                  00006940    00000022     DSP2833x_GlobalVariableDefs.obj (EPwm6RegsFile)

ECap1RegsFile 
*          1    00006a00    00000020     UNINITIALIZED
                  00006a00    00000020     DSP2833x_GlobalVariableDefs.obj (ECap1RegsFile)

ECap2RegsFile 
*          1    00006a20    00000020     UNINITIALIZED
                  00006a20    00000020     DSP2833x_GlobalVariableDefs.obj (ECap2RegsFile)

ECap3RegsFile 
*          1    00006a40    00000020     UNINITIALIZED
                  00006a40    00000020     DSP2833x_GlobalVariableDefs.obj (ECap3RegsFile)

ECap4RegsFile 
*          1    00006a60    00000020     UNINITIALIZED
                  00006a60    00000020     DSP2833x_GlobalVariableDefs.obj (ECap4RegsFile)

ECap5RegsFile 
*          1    00006a80    00000020     UNINITIALIZED
                  00006a80    00000020     DSP2833x_GlobalVariableDefs.obj (ECap5RegsFile)

ECap6RegsFile 
*          1    00006aa0    00000020     UNINITIALIZED
                  00006aa0    00000020     DSP2833x_GlobalVariableDefs.obj (ECap6RegsFile)

EQep1RegsFile 
*          1    00006b00    00000040     UNINITIALIZED
                  00006b00    00000040     DSP2833x_GlobalVariableDefs.obj (EQep1RegsFile)

EQep2RegsFile 
*          1    00006b40    00000040     UNINITIALIZED
                  00006b40    00000040     DSP2833x_GlobalVariableDefs.obj (EQep2RegsFile)

GpioCtrlRegsFile 
*          1    00006f80    0000002e     UNINITIALIZED
                  00006f80    0000002e     DSP2833x_GlobalVariableDefs.obj (GpioCtrlRegsFile)

GpioDataRegsFile 
*          1    00006fc0    00000020     UNINITIALIZED
                  00006fc0    00000020     DSP2833x_GlobalVariableDefs.obj (GpioDataRegsFile)

GpioIntRegsFile 
*          1    00006fe0    0000000a     UNINITIALIZED
                  00006fe0    0000000a     DSP2833x_GlobalVariableDefs.obj (GpioIntRegsFile)

SysCtrlRegsFile 
*          1    00007010    00000020     UNINITIALIZED
                  00007010    00000020     DSP2833x_GlobalVariableDefs.obj (SysCtrlRegsFile)

SpiaRegsFile 
*          1    00007040    00000010     UNINITIALIZED
                  00007040    00000010     DSP2833x_GlobalVariableDefs.obj (SpiaRegsFile)

SciaRegsFile 
*          1    00007050    00000010     UNINITIALIZED
                  00007050    00000010     DSP2833x_GlobalVariableDefs.obj (SciaRegsFile)

XIntruptRegsFile 
*          1    00007070    00000010     UNINITIALIZED
                  00007070    00000010     DSP2833x_GlobalVariableDefs.obj (XIntruptRegsFile)

AdcRegsFile 
*          1    00007100    0000001e     UNINITIALIZED
                  00007100    0000001e     DSP2833x_GlobalVariableDefs.obj (AdcRegsFile)

ScibRegsFile 
*          1    00007750    00000010     UNINITIALIZED
                  00007750    00000010     DSP2833x_GlobalVariableDefs.obj (ScibRegsFile)

ScicRegsFile 
*          1    00007770    00000010     UNINITIALIZED
                  00007770    00000010     DSP2833x_GlobalVariableDefs.obj (ScicRegsFile)

I2caRegsFile 
*          1    00007900    00000022     UNINITIALIZED
                  00007900    00000022     DSP2833x_GlobalVariableDefs.obj (I2caRegsFile)

CsmPwlFile 
*          1    0033fff8    00000008     UNINITIALIZED
                  0033fff8    00000008     DSP2833x_GlobalVariableDefs.obj (CsmPwlFile)

.pinit     0    00008000    00000000     UNINITIALIZED

.stack     1    00000400    00000300     UNINITIALIZED
                  00000400    00000300     --HOLE--

.ebss      1    0000c000    0000022b     UNINITIALIZED
                  0000c000    000001a0     Main_PMSM_QEncoder.obj (.ebss)
                  0000c1a0    00000018     DSP2833x_CpuTimers.obj (.ebss)
                  0000c1b8    00000006     EPWM_int.obj (.ebss)
                  0000c1be    00000002     LCD12864.obj (.ebss)
                  0000c1c0    00000030     ADC_int.obj (.ebss)
                  0000c1f0    00000006     rts2800_fpu32.lib : exit.c.obj (.ebss)
                  0000c1f6    00000002                       : _lock.c.obj (.ebss:__lock)
                  0000c1f8    00000002                       : _lock.c.obj (.ebss:__unlock)
                  0000c1fa    00000006     --HOLE--
                  0000c200    0000002b     KEY.obj (.ebss)

.econst    1    0000d000    00000226     
                  0000d000    00000100     DSP2833x_PieVect.obj (.econst:_PieVectTableInit)
                  0000d100    000000de     KEY.obj (.econst:.string)
                  0000d1de    00000040     LCD12864.obj (.econst:.string:_DrawR)
                  0000d21e    00000008     QEP_encoder.obj (.econst)

.reset     0    003fffc0    00000002     DSECT
                  003fffc0    00000002     rts2800_fpu32.lib : boot28.asm.obj (.reset)

csm_rsvd   0    0033ff80    00000000     DSECT

csmpasswds 
*          0    0033fff8    00000000     DSECT

.adc_cal   0    00380080    00000007     NOLOAD SECTION
                  00380080    00000007     DSP2833x_ADC_cal.obj (.adc_cal)

MODULE SUMMARY

       Module                            code   initialized data   uninitialized data
       ------                            ----   ----------------   ------------------
    .\TISource\
       DSP2833x_GlobalVariableDefs.obj   0      0                  2678              
       DSP2833x_DefaultIsr.obj           803    0                  0                 
       DSP2833x_PieVect.obj              32     256                0                 
       DSP2833x_SysCtrl.obj              248    0                  0                 
       DSP2833x_PieCtrl.obj              40     0                  0                 
       DSP2833x_CpuTimers.obj            0      0                  24                
       DSP2833x_CodeStartBranch.obj      10     0                  0                 
       DSP2833x_ADC_cal.obj              7      0                  0                 
       DSP2833x_usDelay.obj              4      0                  0                 
    +--+---------------------------------+------+------------------+--------------------+
       Total:                            1144   256                2702              
                                                                                     
    .\User_program\
       LCD12864.obj                      1787   72                 2                 
       Main_PMSM_QEncoder.obj            33     368                416               
       QEP_encoder.obj                   367    8                  0                 
       KEY.obj                           0      326                43                
       GPIO_int.obj                      315    0                  0                 
       ADC_int.obj                       0      57                 48                
       SCI_RS232.obj                     46     0                  0                 
       EPWM_int.obj                      0      17                 6                 
    +--+---------------------------------+------+------------------+--------------------+
       Total:                            2548   848                515               
                                                                                     
    ../TI_lib/rts2800_fpu32_fast_supplement.lib
       div_f32.obj                       25     0                  0                 
    +--+---------------------------------+------+------------------+--------------------+
       Total:                            25     0                  0                 
                                                                                     
    C:\ti\ccsv8\tools\compiler\ti-cgt-c2000_18.1.2.LTS\lib\rts2800_fpu32.lib
       fd_mpy28.asm.obj                  131    0                  0                 
       boot28.asm.obj                    86     0                  0                 
       exit.c.obj                        41     14                 6                 
       l_div28.asm.obj                   42     0                  0                 
       cpy_tbl.c.obj                     36     0                  0                 
       i_div28.asm.obj                   34     0                  0                 
       fd_tol28.asm.obj                  31     0                  0                 
       memcpy.c.obj                      30     0                  0                 
       fs_tofdfpu32.asm.obj              28     0                  0                 
       args_main.c.obj                   25     0                  0                 
       _lock.c.obj                       9      10                 4                 
       strlen.c.obj                      8      0                  0                 
       pre_init.c.obj                    2      0                  0                 
       startup.c.obj                     1      0                  0                 
    +--+---------------------------------+------+------------------+--------------------+
       Total:                            504    24                 10                
                                                                                     
       Stack:                            0      0                  768               
    +--+---------------------------------+------+------------------+--------------------+
       Grand Total:                      4221   1128               3995              


GLOBAL DATA SYMBOLS: SORTED BY DATA PAGE

address     data page           name
--------    ----------------    ----
00000400      10 (00000400)     __stack

00000880      22 (00000880)     _DevEmuRegs

00000a80      2a (00000a80)     _FlashRegs

00000ae0      2b (00000ac0)     _CsmRegs

00000b00      2c (00000b00)     _AdcMirror
00000b20      2c (00000b00)     _XintfRegs

00000c00      30 (00000c00)     _CpuTimer0Regs
00000c08      30 (00000c00)     _CpuTimer1Regs
00000c10      30 (00000c00)     _CpuTimer2Regs

00000ce0      33 (00000cc0)     _PieCtrlRegs

00000d00      34 (00000d00)     _PieVectTable

00001000      40 (00001000)     _DmaRegs

00005000     140 (00005000)     _McbspaRegs

00005040     141 (00005040)     _McbspbRegs

00006000     180 (00006000)     _ECanaRegs

00006040     181 (00006040)     _ECanaLAMRegs

00006080     182 (00006080)     _ECanaMOTSRegs

000060c0     183 (000060c0)     _ECanaMOTORegs

00006100     184 (00006100)     _ECanaMboxes

00006200     188 (00006200)     _ECanbRegs

00006240     189 (00006240)     _ECanbLAMRegs

00006280     18a (00006280)     _ECanbMOTSRegs

000062c0     18b (000062c0)     _ECanbMOTORegs

00006300     18c (00006300)     _ECanbMboxes

00006800     1a0 (00006800)     _EPwm1Regs

00006840     1a1 (00006840)     _EPwm2Regs

00006880     1a2 (00006880)     _EPwm3Regs

000068c0     1a3 (000068c0)     _EPwm4Regs

00006900     1a4 (00006900)     _EPwm5Regs

00006940     1a5 (00006940)     _EPwm6Regs

00006a00     1a8 (00006a00)     _ECap1Regs
00006a20     1a8 (00006a00)     _ECap2Regs

00006a40     1a9 (00006a40)     _ECap3Regs
00006a60     1a9 (00006a40)     _ECap4Regs

00006a80     1aa (00006a80)     _ECap5Regs
00006aa0     1aa (00006a80)     _ECap6Regs

00006b00     1ac (00006b00)     _EQep1Regs

00006b40     1ad (00006b40)     _EQep2Regs

00006f80     1be (00006f80)     _GpioCtrlRegs

00006fc0     1bf (00006fc0)     _GpioDataRegs
00006fe0     1bf (00006fc0)     _GpioIntRegs

00007010     1c0 (00007000)     _SysCtrlRegs

00007040     1c1 (00007040)     _SpiaRegs
00007050     1c1 (00007040)     _SciaRegs
00007070     1c1 (00007040)     _XIntruptRegs

00007100     1c4 (00007100)     _AdcRegs

00007750     1dd (00007740)     _ScibRegs
00007770     1dd (00007740)     _ScicRegs

00007900     1e4 (00007900)     _I2caRegs

0000c000     300 (0000c000)     _BUS_Curr
0000c001     300 (0000c000)     _BUS_Curr1
0000c002     300 (0000c000)     _PWMStart_Flag
0000c004     300 (0000c000)     _FilK1
0000c006     300 (0000c000)     _FilK2
0000c008     300 (0000c000)     _logicContr
0000c010     300 (0000c000)     _ClarkeI
0000c01a     300 (0000c000)     _TaskTimePare
0000c028     300 (0000c000)     _ParkI

0000c040     301 (0000c040)     _IparkU
0000c04e     301 (0000c040)     _KEYPare
0000c05e     301 (0000c040)     _Str2
0000c06f     301 (0000c040)     _Str3

0000c080     302 (0000c080)     _Str1
0000c092     302 (0000c080)     _Svpwmdq
0000c0a4     302 (0000c080)     _SVPWM_Control

0000c0c0     303 (0000c0c0)     _Speed_QEPPare
0000c0d4     303 (0000c0c0)     _EQEPPare

0000c100     304 (0000c100)     _pi_id
0000c118     304 (0000c100)     _pi_spd

0000c140     305 (0000c140)     _pi_iq
0000c158     305 (0000c140)     _TestPare

0000c180     306 (0000c180)     _ADCSampPare
0000c1a0     306 (0000c180)     _CpuTimer1
0000c1a8     306 (0000c180)     _CpuTimer2
0000c1b0     306 (0000c180)     _CpuTimer0
0000c1b8     306 (0000c180)     _PWM_HalfPerMax
0000c1b9     306 (0000c180)     _PWM_Deadband
0000c1ba     306 (0000c180)     _PWM_PeriodMax
0000c1bc     306 (0000c180)     _T
0000c1be     306 (0000c180)     _Str_Length
0000c1bf     306 (0000c180)     _y1old

0000c1c0     307 (0000c1c0)     _ChSel
0000c1d0     307 (0000c1c0)     _ACQPS
0000c1e0     307 (0000c1c0)     _TrigSel
0000c1f0     307 (0000c1c0)     ___TI_enable_exit_profile_output
0000c1f2     307 (0000c1c0)     ___TI_cleanup_ptr
0000c1f4     307 (0000c1c0)     ___TI_dtors_ptr
0000c1f6     307 (0000c1c0)     __lock
0000c1f8     307 (0000c1c0)     __unlock

0000c200     308 (0000c200)     _ShowTHrL2_0
0000c201     308 (0000c200)     _ShowTHrL2_1
0000c202     308 (0000c200)     _ShowTHrL1_3
0000c203     308 (0000c200)     _ShowTHrL1_1
0000c204     308 (0000c200)     _ShowTHrL1_2
0000c205     308 (0000c200)     _ShowTHrL1_0
0000c206     308 (0000c200)     _ShowTWoL1Old
0000c207     308 (0000c200)     _ShowTWoL2Old
0000c208     308 (0000c200)     _MainPOld
0000c209     308 (0000c200)     _ShowTHrL2_3
0000c20a     308 (0000c200)     _NumR
0000c20b     308 (0000c200)     _ShowTHrL2_2
0000c20c     308 (0000c200)     _ShowTop
0000c20d     308 (0000c200)     _MenuMNold
0000c20e     308 (0000c200)     _ShowTWoL1
0000c20f     308 (0000c200)     _MenuMN
0000c210     308 (0000c200)     _aim
0000c211     308 (0000c200)     _ShowTWoL0
0000c212     308 (0000c200)     _MenuXY
0000c213     308 (0000c200)     _ShowTHrL0_1
0000c214     308 (0000c200)     _ShowTHrL0_0
0000c215     308 (0000c200)     _ShowTHrL0_3
0000c216     308 (0000c200)     _ShowTWoL2
0000c217     308 (0000c200)     _ShowTWoL3
0000c218     308 (0000c200)     _ShowTHrL0_2
0000c219     308 (0000c200)     _ShowTWoL6
0000c21a     308 (0000c200)     _pBuf

0000d000     340 (0000d000)     _PieVectTableInit

0000d1de     347 (0000d1c0)     _DrawR

0033fff8    cfff (0033ffc0)     _CsmPwl


GLOBAL SYMBOLS: SORTED ALPHABETICALLY BY Name 

page  address   name                            
----  -------   ----                            
0     00009000  .text                           
0     00009ef1  C$$EXIT                         
0     00009dc0  FD$$MPY                         
0     00009fc9  FD$$TOL                         
0     0000a03b  FS$$DIV                         
0     0000a006  FS$$TOFD                        
0     00009f66  I$$DIV                          
0     00009f77  I$$MOD                          
0     00009ec7  L$$DIV                          
0     00009ed6  L$$MOD                          
0     00009ee4  UL$$DIV                         
0     00009eeb  UL$$MOD                         
1     0000c1d0  _ACQPS                          
0     000097e1  _ADCINT_ISR                     
1     0000c180  _ADCSampPare                    
0     00380080  _ADC_cal                        
1     00000b00  _AdcMirror                      
1     00007100  _AdcRegs                        
1     0000c000  _BUS_Curr                       
1     0000c001  _BUS_Curr1                      
0     0000915c  _Buy_Read                       
1     0000c1c0  _ChSel                          
1     0000c010  _ClarkeI                        
1     0000c1b0  _CpuTimer0                      
1     00000c00  _CpuTimer0Regs                  
1     0000c1a0  _CpuTimer1                      
1     00000c08  _CpuTimer1Regs                  
1     0000c1a8  _CpuTimer2                      
1     00000c10  _CpuTimer2Regs                  
1     0033fff8  _CsmPwl                         
1     00000ae0  _CsmRegs                        
0     00009d8f  _CsmUnlock                      
0     0000970f  _DATALOG_ISR                    
0     00009903  _DINTCH1_ISR                    
0     0000990d  _DINTCH2_ISR                    
0     00009917  _DINTCH3_ISR                    
0     00009921  _DINTCH4_ISR                    
0     0000992b  _DINTCH5_ISR                    
0     00009935  _DINTCH6_ISR                    
0     00008244  _DSP28x_usDelay                 
1     00000880  _DevEmuRegs                     
0     00009cdb  _DisableDog                     
1     00001000  _DmaRegs                        
1     0000d1de  _DrawR                          
0     0000998f  _ECAN0INTA_ISR                  
0     000099a3  _ECAN0INTB_ISR                  
0     00009999  _ECAN1INTA_ISR                  
0     000099ad  _ECAN1INTB_ISR                  
0     00009877  _ECAP1_INT_ISR                  
0     00009881  _ECAP2_INT_ISR                  
0     0000988b  _ECAP3_INT_ISR                  
0     00009895  _ECAP4_INT_ISR                  
0     0000989f  _ECAP5_INT_ISR                  
0     000098a9  _ECAP6_INT_ISR                  
1     00006040  _ECanaLAMRegs                   
1     000060c0  _ECanaMOTORegs                  
1     00006080  _ECanaMOTSRegs                  
1     00006100  _ECanaMboxes                    
1     00006000  _ECanaRegs                      
1     00006240  _ECanbLAMRegs                   
1     000062c0  _ECanbMOTORegs                  
1     00006280  _ECanbMOTSRegs                  
1     00006300  _ECanbMboxes                    
1     00006200  _ECanbRegs                      
1     00006a00  _ECap1Regs                      
1     00006a20  _ECap2Regs                      
1     00006a40  _ECap3Regs                      
1     00006a60  _ECap4Regs                      
1     00006a80  _ECap5Regs                      
1     00006aa0  _ECap6Regs                      
0     000099fd  _EMPTY_ISR                      
0     00009723  _EMUINT_ISR                     
0     0000983b  _EPWM1_INT_ISR                  
0     000097ff  _EPWM1_TZINT_ISR                
0     00009845  _EPWM2_INT_ISR                  
0     00009809  _EPWM2_TZINT_ISR                
0     0000984f  _EPWM3_INT_ISR                  
0     00009813  _EPWM3_TZINT_ISR                
0     00009859  _EPWM4_INT_ISR                  
0     0000981d  _EPWM4_TZINT_ISR                
0     00009863  _EPWM5_INT_ISR                  
0     00009827  _EPWM5_TZINT_ISR                
0     0000986d  _EPWM6_INT_ISR                  
0     00009831  _EPWM6_TZINT_ISR                
1     00006800  _EPwm1Regs                      
1     00006840  _EPwm2Regs                      
1     00006880  _EPwm3Regs                      
1     000068c0  _EPwm4Regs                      
1     00006900  _EPwm5Regs                      
1     00006940  _EPwm6Regs                      
0     000098b3  _EQEP1_INT_ISR                  
0     000098bd  _EQEP2_INT_ISR                  
1     0000c0d4  _EQEPPare                       
1     00006b00  _EQep1Regs                      
1     00006b40  _EQep2Regs                      
0     00009f39  _EnableInterrupts               
1     0000c004  _FilK1                          
1     0000c006  _FilK2                          
1     00000a80  _FlashRegs                      
1     00006f80  _GpioCtrlRegs                   
1     00006fc0  _GpioDataRegs                   
1     00006fe0  _GpioIntRegs                    
0     0000993f  _I2CINT1A_ISR                   
0     00009949  _I2CINT2A_ISR                   
1     00007900  _I2caRegs                       
0     00009737  _ILLEGAL_ISR                    
0     000096fb  _INT13_ISR                      
0     00009705  _INT14_ISR                      
0     00009d34  _InitPeripheralClocks           
0     00009f1a  _InitPieCtrl                    
0     00009fa9  _InitPieVectTable               
0     00009ce3  _InitPll                        
0     00009c0a  _InitScirs232bGpio              
0     00009cc8  _InitSysCtrl                    
0     00009b9b  _Init_3MotorGpio                
0     00009bc2  _Init_DACEPWMGpio               
0     00009bf8  _Init_FMQ_voice                 
0     00009b8d  _Init_Gpio_LED                  
0     00009c1a  _Init_KEY_switch                
0     00009c34  _Init_LCD12864_Gpio             
0     00009bd0  _Init_QEP_Gpio                  
1     0000c040  _IparkU                         
1     0000c04e  _KEYPare                        
0     000091c9  _LCD12864_init                  
0     00009000  _LCD_DATAZHUHUAN                
0     00009025  _LCD_Read                       
0     000099f3  _LUF_ISR                        
0     000099e9  _LVF_ISR                        
0     000091b6  _Lcd_Clera                      
0     0000913b  _Lcd_Read                       
0     00009271  _Lcd_ShowStr                    
0     0000921b  _Lcd_ShowStr1                   
0     000098ef  _MRINTA_ISR                     
0     000098db  _MRINTB_ISR                     
0     000098f9  _MXINTA_ISR                     
0     000098e5  _MXINTB_ISR                     
1     0000c208  _MainPOld                       
1     00005000  _McbspaRegs                     
1     00005040  _McbspbRegs                     
1     0000c20f  _MenuMN                         
1     0000c20d  _MenuMNold                      
1     0000c212  _MenuXY                         
0     0000972d  _NMI_ISR                        
1     0000c20a  _NumR                           
0     00009a0a  _PIE_RESERVED                   
1     0000c002  _PWMStart_Flag                  
1     0000c1b9  _PWM_Deadband                   
1     0000c1b8  _PWM_HalfPerMax                 
1     0000c1ba  _PWM_PeriodMax                  
1     0000c028  _ParkI                          
1     00000ce0  _PieCtrlRegs                    
1     00000d00  _PieVectTable                   
1     0000d000  _PieVectTableInit               
0     00009a8f  _QEPEncoder_Cale                
0     00009a1e  _QEPEncoder_init                
0     00009719  _RTOSINT_ISR                    
0     00009967  _SCIRXINTA_ISR                  
0     0000997b  _SCIRXINTB_ISR                  
0     00009953  _SCIRXINTC_ISR                  
0     00009971  _SCITXINTA_ISR                  
0     00009985  _SCITXINTB_ISR                  
0     0000995d  _SCITXINTC_ISR                  
0     000097b9  _SEQ1INT_ISR                    
0     000097c3  _SEQ2INT_ISR                    
0     000098c7  _SPIRXINTA_ISR                  
0     000098d1  _SPITXINTA_ISR                  
1     0000c0a4  _SVPWM_Control                  
1     00007050  _SciaRegs                       
1     00007750  _ScibRegs                       
1     00007770  _ScicRegs                       
0     00009cd1  _ServiceDog                     
1     0000c214  _ShowTHrL0_0                    
1     0000c213  _ShowTHrL0_1                    
1     0000c218  _ShowTHrL0_2                    
1     0000c215  _ShowTHrL0_3                    
1     0000c205  _ShowTHrL1_0                    
1     0000c203  _ShowTHrL1_1                    
1     0000c204  _ShowTHrL1_2                    
1     0000c202  _ShowTHrL1_3                    
1     0000c200  _ShowTHrL2_0                    
1     0000c201  _ShowTHrL2_1                    
1     0000c20b  _ShowTHrL2_2                    
1     0000c209  _ShowTHrL2_3                    
1     0000c211  _ShowTWoL0                      
1     0000c20e  _ShowTWoL1                      
1     0000c206  _ShowTWoL1Old                   
1     0000c216  _ShowTWoL2                      
1     0000c207  _ShowTWoL2Old                   
1     0000c217  _ShowTWoL3                      
1     0000c219  _ShowTWoL6                      
1     0000c20c  _ShowTop                        
0     0000936e  _Show_Byte                      
0     00009180  _Show_Clr_All                   
0     00009489  _Show_Clr_Area                  
0     00009442  _Show_Draw_Run                  
0     00009320  _Show_Picture                   
0     000093cf  _Show_Picture_Area              
0     0000929f  _Show_Point                     
1     0000c0c0  _Speed_QEPPare                  
0     00009afe  _Speed_QEP_Cale                 
1     00007040  _SpiaRegs                       
1     0000c080  _Str1                           
1     0000c05e  _Str2                           
1     0000c06f  _Str3                           
0     000094f5  _StrCopyBTA                     
1     0000c1be  _Str_Length                     
1     0000c092  _Svpwmdq                        
1     00007010  _SysCtrlRegs                    
1     0000c1bc  _T                              
0     000097eb  _TINT0_ISR                      
1     0000c01a  _TaskTimePare                   
1     0000c158  _TestPare                       
0     000090f1  _TransferData                   
1     0000c1e0  _TrigSel                        
0     0000979b  _USER10_ISR                     
0     000097a5  _USER11_ISR                     
0     000097af  _USER12_ISR                     
0     00009741  _USER1_ISR                      
0     0000974b  _USER2_ISR                      
0     00009755  _USER3_ISR                      
0     0000975f  _USER4_ISR                      
0     00009769  _USER5_ISR                      
0     00009773  _USER6_ISR                      
0     0000977d  _USER7_ISR                      
0     00009787  _USER8_ISR                      
0     00009791  _USER9_ISR                      
0     000097f5  _WAKEINT_ISR                    
0     000097cd  _XINT1_ISR                      
0     000097d7  _XINT2_ISR                      
0     000099b7  _XINT3_ISR                      
0     000099c1  _XINT4_ISR                      
0     000099cb  _XINT5_ISR                      
0     000099d5  _XINT6_ISR                      
0     000099df  _XINT7_ISR                      
1     00007070  _XIntruptRegs                   
1     00000b20  _XintfRegs                      
1     00000700  __STACK_END                     
abs   00000300  __STACK_SIZE                    
1     0000c1f2  ___TI_cleanup_ptr               
1     0000c1f4  ___TI_dtors_ptr                 
1     0000c1f0  ___TI_enable_exit_profile_output
abs   ffffffff  ___TI_pprof_out_hndl            
abs   ffffffff  ___TI_prof_data_size            
abs   ffffffff  ___TI_prof_data_start           
abs   ffffffff  ___binit__                      
abs   ffffffff  ___c_args__                     
0     00008000  ___cinit__                      
0     0000a070  ___etext__                      
abs   ffffffff  ___pinit__                      
0     00009000  ___text__                       
0     0000a022  __args_main                     
1     0000c1f6  __lock                          
0     0000a05c  __nop                           
0     0000a058  __register_lock                 
0     0000a054  __register_unlock               
1     00000400  __stack                         
0     0000a06f  __system_post_cinit             
0     0000a06d  __system_pre_init               
1     0000c1f8  __unlock                        
0     00009ef1  _abort                          
1     0000c210  _aim                            
0     00009e43  _c_int00                        
0     00009f42  _copy_in                        
0     00009ef3  _exit                           
1     0000c008  _logicContr                     
0     00009f88  _main                           
0     00009fe8  _memcpy                         
1     0000c21a  _pBuf                           
1     0000c100  _pi_id                          
1     0000c140  _pi_iq                          
1     0000c118  _pi_spd                         
0     00009a14  _rsvd_ISR                       
0     00009583  _sFormatLong                    
0     00009e99  _scibRxFifoIsr                  
0     00009571  _strcpyy                        
0     0000a065  _strlen                         
0     0000950c  _utoa                           
1     0000c1bf  _y1old                          
abs   ffffffff  binit                           
0     00008000  cinit                           
0     00000000  code_start                      
0     0000a070  etext                           
abs   ffffffff  pinit                           


GLOBAL SYMBOLS: SORTED BY Symbol Address 

page  address   name                            
----  -------   ----                            
0     00000000  code_start                      
0     00008000  ___cinit__                      
0     00008000  cinit                           
0     00008244  _DSP28x_usDelay                 
0     00009000  .text                           
0     00009000  _LCD_DATAZHUHUAN                
0     00009000  ___text__                       
0     00009025  _LCD_Read                       
0     000090f1  _TransferData                   
0     0000913b  _Lcd_Read                       
0     0000915c  _Buy_Read                       
0     00009180  _Show_Clr_All                   
0     000091b6  _Lcd_Clera                      
0     000091c9  _LCD12864_init                  
0     0000921b  _Lcd_ShowStr1                   
0     00009271  _Lcd_ShowStr                    
0     0000929f  _Show_Point                     
0     00009320  _Show_Picture                   
0     0000936e  _Show_Byte                      
0     000093cf  _Show_Picture_Area              
0     00009442  _Show_Draw_Run                  
0     00009489  _Show_Clr_Area                  
0     000094f5  _StrCopyBTA                     
0     0000950c  _utoa                           
0     00009571  _strcpyy                        
0     00009583  _sFormatLong                    
0     000096fb  _INT13_ISR                      
0     00009705  _INT14_ISR                      
0     0000970f  _DATALOG_ISR                    
0     00009719  _RTOSINT_ISR                    
0     00009723  _EMUINT_ISR                     
0     0000972d  _NMI_ISR                        
0     00009737  _ILLEGAL_ISR                    
0     00009741  _USER1_ISR                      
0     0000974b  _USER2_ISR                      
0     00009755  _USER3_ISR                      
0     0000975f  _USER4_ISR                      
0     00009769  _USER5_ISR                      
0     00009773  _USER6_ISR                      
0     0000977d  _USER7_ISR                      
0     00009787  _USER8_ISR                      
0     00009791  _USER9_ISR                      
0     0000979b  _USER10_ISR                     
0     000097a5  _USER11_ISR                     
0     000097af  _USER12_ISR                     
0     000097b9  _SEQ1INT_ISR                    
0     000097c3  _SEQ2INT_ISR                    
0     000097cd  _XINT1_ISR                      
0     000097d7  _XINT2_ISR                      
0     000097e1  _ADCINT_ISR                     
0     000097eb  _TINT0_ISR                      
0     000097f5  _WAKEINT_ISR                    
0     000097ff  _EPWM1_TZINT_ISR                
0     00009809  _EPWM2_TZINT_ISR                
0     00009813  _EPWM3_TZINT_ISR                
0     0000981d  _EPWM4_TZINT_ISR                
0     00009827  _EPWM5_TZINT_ISR                
0     00009831  _EPWM6_TZINT_ISR                
0     0000983b  _EPWM1_INT_ISR                  
0     00009845  _EPWM2_INT_ISR                  
0     0000984f  _EPWM3_INT_ISR                  
0     00009859  _EPWM4_INT_ISR                  
0     00009863  _EPWM5_INT_ISR                  
0     0000986d  _EPWM6_INT_ISR                  
0     00009877  _ECAP1_INT_ISR                  
0     00009881  _ECAP2_INT_ISR                  
0     0000988b  _ECAP3_INT_ISR                  
0     00009895  _ECAP4_INT_ISR                  
0     0000989f  _ECAP5_INT_ISR                  
0     000098a9  _ECAP6_INT_ISR                  
0     000098b3  _EQEP1_INT_ISR                  
0     000098bd  _EQEP2_INT_ISR                  
0     000098c7  _SPIRXINTA_ISR                  
0     000098d1  _SPITXINTA_ISR                  
0     000098db  _MRINTB_ISR                     
0     000098e5  _MXINTB_ISR                     
0     000098ef  _MRINTA_ISR                     
0     000098f9  _MXINTA_ISR                     
0     00009903  _DINTCH1_ISR                    
0     0000990d  _DINTCH2_ISR                    
0     00009917  _DINTCH3_ISR                    
0     00009921  _DINTCH4_ISR                    
0     0000992b  _DINTCH5_ISR                    
0     00009935  _DINTCH6_ISR                    
0     0000993f  _I2CINT1A_ISR                   
0     00009949  _I2CINT2A_ISR                   
0     00009953  _SCIRXINTC_ISR                  
0     0000995d  _SCITXINTC_ISR                  
0     00009967  _SCIRXINTA_ISR                  
0     00009971  _SCITXINTA_ISR                  
0     0000997b  _SCIRXINTB_ISR                  
0     00009985  _SCITXINTB_ISR                  
0     0000998f  _ECAN0INTA_ISR                  
0     00009999  _ECAN1INTA_ISR                  
0     000099a3  _ECAN0INTB_ISR                  
0     000099ad  _ECAN1INTB_ISR                  
0     000099b7  _XINT3_ISR                      
0     000099c1  _XINT4_ISR                      
0     000099cb  _XINT5_ISR                      
0     000099d5  _XINT6_ISR                      
0     000099df  _XINT7_ISR                      
0     000099e9  _LVF_ISR                        
0     000099f3  _LUF_ISR                        
0     000099fd  _EMPTY_ISR                      
0     00009a0a  _PIE_RESERVED                   
0     00009a14  _rsvd_ISR                       
0     00009a1e  _QEPEncoder_init                
0     00009a8f  _QEPEncoder_Cale                
0     00009afe  _Speed_QEP_Cale                 
0     00009b8d  _Init_Gpio_LED                  
0     00009b9b  _Init_3MotorGpio                
0     00009bc2  _Init_DACEPWMGpio               
0     00009bd0  _Init_QEP_Gpio                  
0     00009bf8  _Init_FMQ_voice                 
0     00009c0a  _InitScirs232bGpio              
0     00009c1a  _Init_KEY_switch                
0     00009c34  _Init_LCD12864_Gpio             
0     00009cc8  _InitSysCtrl                    
0     00009cd1  _ServiceDog                     
0     00009cdb  _DisableDog                     
0     00009ce3  _InitPll                        
0     00009d34  _InitPeripheralClocks           
0     00009d8f  _CsmUnlock                      
0     00009dc0  FD$$MPY                         
0     00009e43  _c_int00                        
0     00009e99  _scibRxFifoIsr                  
0     00009ec7  L$$DIV                          
0     00009ed6  L$$MOD                          
0     00009ee4  UL$$DIV                         
0     00009eeb  UL$$MOD                         
0     00009ef1  C$$EXIT                         
0     00009ef1  _abort                          
0     00009ef3  _exit                           
0     00009f1a  _InitPieCtrl                    
0     00009f39  _EnableInterrupts               
0     00009f42  _copy_in                        
0     00009f66  I$$DIV                          
0     00009f77  I$$MOD                          
0     00009f88  _main                           
0     00009fa9  _InitPieVectTable               
0     00009fc9  FD$$TOL                         
0     00009fe8  _memcpy                         
0     0000a006  FS$$TOFD                        
0     0000a022  __args_main                     
0     0000a03b  FS$$DIV                         
0     0000a054  __register_unlock               
0     0000a058  __register_lock                 
0     0000a05c  __nop                           
0     0000a065  _strlen                         
0     0000a06d  __system_pre_init               
0     0000a06f  __system_post_cinit             
0     0000a070  ___etext__                      
0     0000a070  etext                           
0     00380080  _ADC_cal                        
1     00000400  __stack                         
1     00000700  __STACK_END                     
1     00000880  _DevEmuRegs                     
1     00000a80  _FlashRegs                      
1     00000ae0  _CsmRegs                        
1     00000b00  _AdcMirror                      
1     00000b20  _XintfRegs                      
1     00000c00  _CpuTimer0Regs                  
1     00000c08  _CpuTimer1Regs                  
1     00000c10  _CpuTimer2Regs                  
1     00000ce0  _PieCtrlRegs                    
1     00000d00  _PieVectTable                   
1     00001000  _DmaRegs                        
1     00005000  _McbspaRegs                     
1     00005040  _McbspbRegs                     
1     00006000  _ECanaRegs                      
1     00006040  _ECanaLAMRegs                   
1     00006080  _ECanaMOTSRegs                  
1     000060c0  _ECanaMOTORegs                  
1     00006100  _ECanaMboxes                    
1     00006200  _ECanbRegs                      
1     00006240  _ECanbLAMRegs                   
1     00006280  _ECanbMOTSRegs                  
1     000062c0  _ECanbMOTORegs                  
1     00006300  _ECanbMboxes                    
1     00006800  _EPwm1Regs                      
1     00006840  _EPwm2Regs                      
1     00006880  _EPwm3Regs                      
1     000068c0  _EPwm4Regs                      
1     00006900  _EPwm5Regs                      
1     00006940  _EPwm6Regs                      
1     00006a00  _ECap1Regs                      
1     00006a20  _ECap2Regs                      
1     00006a40  _ECap3Regs                      
1     00006a60  _ECap4Regs                      
1     00006a80  _ECap5Regs                      
1     00006aa0  _ECap6Regs                      
1     00006b00  _EQep1Regs                      
1     00006b40  _EQep2Regs                      
1     00006f80  _GpioCtrlRegs                   
1     00006fc0  _GpioDataRegs                   
1     00006fe0  _GpioIntRegs                    
1     00007010  _SysCtrlRegs                    
1     00007040  _SpiaRegs                       
1     00007050  _SciaRegs                       
1     00007070  _XIntruptRegs                   
1     00007100  _AdcRegs                        
1     00007750  _ScibRegs                       
1     00007770  _ScicRegs                       
1     00007900  _I2caRegs                       
1     0000c000  _BUS_Curr                       
1     0000c001  _BUS_Curr1                      
1     0000c002  _PWMStart_Flag                  
1     0000c004  _FilK1                          
1     0000c006  _FilK2                          
1     0000c008  _logicContr                     
1     0000c010  _ClarkeI                        
1     0000c01a  _TaskTimePare                   
1     0000c028  _ParkI                          
1     0000c040  _IparkU                         
1     0000c04e  _KEYPare                        
1     0000c05e  _Str2                           
1     0000c06f  _Str3                           
1     0000c080  _Str1                           
1     0000c092  _Svpwmdq                        
1     0000c0a4  _SVPWM_Control                  
1     0000c0c0  _Speed_QEPPare                  
1     0000c0d4  _EQEPPare                       
1     0000c100  _pi_id                          
1     0000c118  _pi_spd                         
1     0000c140  _pi_iq                          
1     0000c158  _TestPare                       
1     0000c180  _ADCSampPare                    
1     0000c1a0  _CpuTimer1                      
1     0000c1a8  _CpuTimer2                      
1     0000c1b0  _CpuTimer0                      
1     0000c1b8  _PWM_HalfPerMax                 
1     0000c1b9  _PWM_Deadband                   
1     0000c1ba  _PWM_PeriodMax                  
1     0000c1bc  _T                              
1     0000c1be  _Str_Length                     
1     0000c1bf  _y1old                          
1     0000c1c0  _ChSel                          
1     0000c1d0  _ACQPS                          
1     0000c1e0  _TrigSel                        
1     0000c1f0  ___TI_enable_exit_profile_output
1     0000c1f2  ___TI_cleanup_ptr               
1     0000c1f4  ___TI_dtors_ptr                 
1     0000c1f6  __lock                          
1     0000c1f8  __unlock                        
1     0000c200  _ShowTHrL2_0                    
1     0000c201  _ShowTHrL2_1                    
1     0000c202  _ShowTHrL1_3                    
1     0000c203  _ShowTHrL1_1                    
1     0000c204  _ShowTHrL1_2                    
1     0000c205  _ShowTHrL1_0                    
1     0000c206  _ShowTWoL1Old                   
1     0000c207  _ShowTWoL2Old                   
1     0000c208  _MainPOld                       
1     0000c209  _ShowTHrL2_3                    
1     0000c20a  _NumR                           
1     0000c20b  _ShowTHrL2_2                    
1     0000c20c  _ShowTop                        
1     0000c20d  _MenuMNold                      
1     0000c20e  _ShowTWoL1                      
1     0000c20f  _MenuMN                         
1     0000c210  _aim                            
1     0000c211  _ShowTWoL0                      
1     0000c212  _MenuXY                         
1     0000c213  _ShowTHrL0_1                    
1     0000c214  _ShowTHrL0_0                    
1     0000c215  _ShowTHrL0_3                    
1     0000c216  _ShowTWoL2                      
1     0000c217  _ShowTWoL3                      
1     0000c218  _ShowTHrL0_2                    
1     0000c219  _ShowTWoL6                      
1     0000c21a  _pBuf                           
1     0000d000  _PieVectTableInit               
1     0000d1de  _DrawR                          
1     0033fff8  _CsmPwl                         
abs   00000300  __STACK_SIZE                    
abs   ffffffff  ___TI_pprof_out_hndl            
abs   ffffffff  ___TI_prof_data_size            
abs   ffffffff  ___TI_prof_data_start           
abs   ffffffff  ___binit__                      
abs   ffffffff  ___c_args__                     
abs   ffffffff  ___pinit__                      
abs   ffffffff  binit                           
abs   ffffffff  pinit                           

[283 symbols]
